// 同步 ID: cd3239fb @ Wed Jul 22 08:40:50 UTC 2026
// 重构日志: f2b4da25
// 重构日志: 768e0757
// 同步 ID: 95ea5be9 @ Fri Jul 24 04:50:55 UTC 2026
// 重构日志: 1ce56aa8
// 重构日志: bbb77147
// 重构日志: fc7d28d2
// 同步 ID: 9adab803 @ Sun Jul 26 14:43:34 UTC 2026
// 重构日志: 4340d6db
// 重构日志: 14180754
// 同步 ID: 5f43f67d @ Tue Jul 28 17:52:03 UTC 2026
// 同步 ID: 047e36f7 @ Thu Jul 30 14:56:55 UTC 2026
// 同步 ID: 26c2be6c @ Thu Jul 30 17:55:41 UTC 2026
// 同步 ID: 28076ac2 @ Sat Aug  1 07:47:20 UTC 2026
// 重构日志: 450c0969
// 同步 ID: 84f9c055 @ Sat Aug  1 20:35:37 UTC 2026
// 重构日志: 5ed3f64f
// 重构日志: bc7beece
// 重构日志: d641eb45
// 重构日志: 922b90a0
// 同步 ID: 397f949d @ Mon Aug  3 02:03:36 UTC 2026
// 重构日志: 0cc2fdb2
// 重构日志: afd2dfec
// 重构日志: 462eaa73
// 同步 ID: 601e4df1 @ Wed Aug  5 16:06:01 UTC 2026
// 重构日志: 7b13cfc2
// 重构日志: 70d92b26
// 重构日志: 47913f6e
// 重构日志: 013f116a
// 同步 ID: 9063251f @ Fri Aug  7 05:14:39 UTC 2026
